<?xml version="1.0" encoding="UTF-8"?>
<testsuites name="jest tests" tests="30" failures="0" errors="0" time="3.624">
  <testsuite name="profitei" errors="0" failures="0" skipped="0" timestamp="2024-03-22T20:59:27" time="2.829" tests="1">
    <testcase classname="SecurityGuard" name="should be defined" time="0.004" file="src/guards/security/security.guard.spec.ts">
    </testcase>
  </testsuite>
  <testsuite name="profitei" errors="0" failures="0" skipped="0" timestamp="2024-03-22T20:59:27" time="3.084" tests="3">
    <testcase classname="CategoryService" name="should be defined" time="0.012" file="src/category/category.service.spec.ts">
    </testcase>
    <testcase classname="CategoryService › create" name="should create a new category" time="0.007" file="src/category/category.service.spec.ts">
    </testcase>
    <testcase classname="CategoryService › findAll" name="should return an array of categories" time="0.003" file="src/category/category.service.spec.ts">
    </testcase>
  </testsuite>
  <testsuite name="profitei" errors="0" failures="0" skipped="0" timestamp="2024-03-22T20:59:27" time="3.118" tests="6">
    <testcase classname="UserService" name="should be defined" time="0.043" file="src/user/user.service.spec.ts">
    </testcase>
    <testcase classname="UserService › create" name="should create a new user" time="0.006" file="src/user/user.service.spec.ts">
    </testcase>
    <testcase classname="UserService › findAll" name="should return an array of users" time="0.004" file="src/user/user.service.spec.ts">
    </testcase>
    <testcase classname="UserService › findOne" name="should find a user by id" time="0.003" file="src/user/user.service.spec.ts">
    </testcase>
    <testcase classname="UserService › update" name="should update a user" time="0.008" file="src/user/user.service.spec.ts">
    </testcase>
    <testcase classname="UserService › remove" name="should remove a user by id" time="0.005" file="src/user/user.service.spec.ts">
    </testcase>
  </testsuite>
  <testsuite name="profitei" errors="0" failures="0" skipped="0" timestamp="2024-03-22T20:59:27" time="3.189" tests="1">
    <testcase classname="PrismaService" name="should be defined" time="0.015" file="src/prisma/prisma.service.spec.ts">
    </testcase>
  </testsuite>
  <testsuite name="profitei" errors="0" failures="0" skipped="0" timestamp="2024-03-22T20:59:27" time="3.194" tests="3">
    <testcase classname="RaffleService" name="should be defined" time="0.016" file="src/raffle/raffle.service.spec.ts">
    </testcase>
    <testcase classname="RaffleService › create" name="should create a new raffle" time="0.004" file="src/raffle/raffle.service.spec.ts">
    </testcase>
    <testcase classname="RaffleService › findAll" name="should return all raffles" time="0.007" file="src/raffle/raffle.service.spec.ts">
    </testcase>
  </testsuite>
  <testsuite name="profitei" errors="0" failures="0" skipped="0" timestamp="2024-03-22T20:59:27" time="3.231" tests="6">
    <testcase classname="UserController" name="should be defined" time="0.013" file="src/user/user.controller.spec.ts">
    </testcase>
    <testcase classname="UserController › create" name="should create a new user" time="0.006" file="src/user/user.controller.spec.ts">
    </testcase>
    <testcase classname="UserController › findAll" name="should return all users" time="0.004" file="src/user/user.controller.spec.ts">
    </testcase>
    <testcase classname="UserController › findOne" name="should find a user by id" time="0.008" file="src/user/user.controller.spec.ts">
    </testcase>
    <testcase classname="UserController › update" name="should update a user" time="0.002" file="src/user/user.controller.spec.ts">
    </testcase>
    <testcase classname="UserController › remove" name="should remove a user" time="0.001" file="src/user/user.controller.spec.ts">
    </testcase>
  </testsuite>
  <testsuite name="profitei" errors="0" failures="0" skipped="0" timestamp="2024-03-22T20:59:27" time="3.346" tests="7">
    <testcase classname="CategoryController" name="should be defined" time="0.015" file="src/category/category.controller.spec.ts">
    </testcase>
    <testcase classname="CategoryController › create" name="should create a new category" time="0.004" file="src/category/category.controller.spec.ts">
    </testcase>
    <testcase classname="CategoryController › createMany" name="should create multiple categories" time="0.002" file="src/category/category.controller.spec.ts">
    </testcase>
    <testcase classname="CategoryController › findAll" name="should return all categories" time="0.002" file="src/category/category.controller.spec.ts">
    </testcase>
    <testcase classname="CategoryController › findOne" name="should return a category by ID" time="0.002" file="src/category/category.controller.spec.ts">
    </testcase>
    <testcase classname="CategoryController › update" name="should update a category" time="0.003" file="src/category/category.controller.spec.ts">
    </testcase>
    <testcase classname="CategoryController › remove" name="should remove a category" time="0.001" file="src/category/category.controller.spec.ts">
    </testcase>
  </testsuite>
  <testsuite name="profitei" errors="0" failures="0" skipped="0" timestamp="2024-03-22T20:59:27" time="3.363" tests="3">
    <testcase classname="RaffleController" name="should be defined" time="0.011" file="src/raffle/raffle.controller.spec.ts">
    </testcase>
    <testcase classname="RaffleController › create" name="should create a new raffle" time="0.003" file="src/raffle/raffle.controller.spec.ts">
    </testcase>
    <testcase classname="RaffleController › findAll" name="should return an array of raffles" time="0.002" file="src/raffle/raffle.controller.spec.ts">
    </testcase>
  </testsuite>
</testsuites>